// Jest Snapshot v1, https://goo.gl/fbAQLP

exports[`>>>H O M E --- Snapshot +++capturing Snapshot of Home 1`] = `
<div>
  <form>
    <input
      type="text"
      value={10}
    />
  </form>
</div>
`;
